{
  "uuid": "ebc6f0fa-067c-4244-8a77-709ffe39612f",
  "title": "Mutating Lists",
  "topic": "lists",
  "tags": [
    "list",
    "hw"
  ],
  "type": "v3",
  "singleVariant": true,
  "gradingMethod": "External",
  "workspaceOptions": {
    "image": "prairielearn/workspace-jupyterlab-python",
    "port": 8080,
    "home": "/home/jovyan",
    "rewriteUrl": false,
    "gradedFiles": [
      "learning_target.ipynb"
    ]
  },
  "externalGradingOptions": {
    "enabled": true,
    "image": "prairielearn/grader-python",
    "entrypoint": "/python_autograder/run.sh",
    "timeout": 20
  }
}