{
  "uuid": "7ee08f61-e8ee-45e5-b6a8-970e8a05a2ce",
  "title": "Regular Expression capture",
  "topic": "regex",
  "tags": [
    "regex",
    "ic"
  ],
  "type": "v3",
  "singleVariant": true,
  "gradingMethod": "External",
  "workspaceOptions": {
    "image": "prairielearn/workspace-jupyterlab-python",
    "port": 8080,
    "home": "/home/jovyan",
    "rewriteUrl": false,
    "gradedFiles": [
      "learning_target.ipynb"
    ]
  },
  "externalGradingOptions": {
    "enabled": true,
    "image": "prairielearn/grader-python",
    "entrypoint": "/python_autograder/run.sh",
    "timeout": 20
  }
}