{
  "uuid": "477ff182-d0ef-43a2-bba4-b6844d79787f",
  "title": "Introduction to Loops",
  "topic": "loops",
  "tags": [
    "loops",
    "hw"
  ],
  "type": "v3",
  "singleVariant": true,
  "gradingMethod": "External",
  "workspaceOptions": {
    "image": "prairielearn/workspace-jupyterlab-python",
    "port": 8080,
    "home": "/home/jovyan",
    "rewriteUrl": false,
    "gradedFiles": [
      "learning_target.ipynb"
    ]
  },
  "externalGradingOptions": {
    "enabled": true,
    "image": "prairielearn/grader-python",
    "entrypoint": "/python_autograder/run.sh",
    "timeout": 20
  }
}